2024-11-29 19:00:02 INFO Запуск теста Google
2024-11-29 19:00:02 INFO Открываем страницу Google
2024-11-29 19:00:02 ERROR Произошла ошибка
Traceback (most recent call last):
  File "C:\Users\GT0014\PycharmProjects\framework\test\tests_tests.py", line 16, in test_google_logo
    element = browser.find_element(By.XPATH, '//input[@name="q"]')  # Более стабильный XPATH
  File "C:\Users\GT0014\AppData\Local\Programs\Python\Python313\Lib\site-packages\selenium\webdriver\remote\webdriver.py", line 770, in find_element
    return self.execute(Command.FIND_ELEMENT, {"using": by, "value": value})["value"]
           ~~~~~~~~~~~~^^^^^^^^^^^^^^^^^^^^^^^^^^^^^^^^^^^^^^^^^^^^^^^^^^^^^
  File "C:\Users\GT0014\AppData\Local\Programs\Python\Python313\Lib\site-packages\selenium\webdriver\remote\webdriver.py", line 384, in execute
    self.error_handler.check_response(response)
    ~~~~~~~~~~~~~~~~~~~~~~~~~~~~~~~~~^^^^^^^^^^
  File "C:\Users\GT0014\AppData\Local\Programs\Python\Python313\Lib\site-packages\selenium\webdriver\remote\errorhandler.py", line 232, in check_response
    raise exception_class(message, screen, stacktrace)
selenium.common.exceptions.NoSuchElementException: Message: no such element: Unable to locate element: {"method":"xpath","selector":"//input[@name="q"]"}
  (Session info: chrome=131.0.6778.86); For documentation on this error, please visit: https://www.selenium.dev/documentation/webdriver/troubleshooting/errors#no-such-element-exception
Stacktrace:
	GetHandleVerifier [0x00007FF78D6B6CB5+28821]
	(No symbol) [0x00007FF78D623840]
	(No symbol) [0x00007FF78D4C578A]
	(No symbol) [0x00007FF78D5191BE]
	(No symbol) [0x00007FF78D5194AC]
	(No symbol) [0x00007FF78D562647]
	(No symbol) [0x00007FF78D53F33F]
	(No symbol) [0x00007FF78D55F412]
	(No symbol) [0x00007FF78D53F0A3]
	(No symbol) [0x00007FF78D50A778]
	(No symbol) [0x00007FF78D50B8E1]
	GetHandleVerifier [0x00007FF78D9EFCAD+3408013]
	GetHandleVerifier [0x00007FF78DA0741F+3504127]
	GetHandleVerifier [0x00007FF78D9FB5FD+3455453]
	GetHandleVerifier [0x00007FF78D77BDBB+835995]
	(No symbol) [0x00007FF78D62EB5F]
	(No symbol) [0x00007FF78D62A814]
	(No symbol) [0x00007FF78D62A9AD]
	(No symbol) [0x00007FF78D61A199]
	BaseThreadInitThunk [0x00007FF97A5C7374+20]
	RtlUserThreadStart [0x00007FF97AD1CC91+33]

2024-11-29 19:00:02 INFO Тест завершен
